                                                                               
                                                                               
                                                                               
                                                                               
                                                                               
                                                                               
                                                                               
                                                                               
                                                                               
                                                                               
                                                                               
                                                                               
                                                                               
█     ██                                            ▞███▚                      
█ 3   ██            1   ▒ ▒ ▒ ▒ ▒ 2  ⌸ ⌸ ⌸  t ⌸       d                        
████████████████████████████████████████████4██████████████████████████████████
