                                                                               
                                                                               
                                                                               
                                                                               
                                                                               
                                                                               
                                                                               
                                                                               
                                                                               
                                                                               
                                                                               
                                                                               
                                                                               
█     ██                                            ▞███▚                      
█ 3   ██            1   ░ ░ ░ ░ ░ 2  ⌸ ⌸ ⌸  🌷 ⌸       🚪                        
████████████████████████████████████████████4██████████████████████████████████
