                                                                               
                                                                               
                                                                               
                                                         🌷                     
                                                        ███████                
                                                        █     █                
                                                        █     ██               
                                                        █      ███             
                                                        █        █      🌷      
                                                        █        █ ███████     
    ████████████████████████████████████████████        █        █ █     █     
   ☰                                            ☰       █        █ █     █     
   ☰                             ⋇ ⋇ ⋇        🌷         ████☰█████ █     █     
      ⋇ ⋇ ⋇                     ▞██████⍾ ⍾██████▚       ████☰█████ █████☰█     
   ▞████████⍾ ⍾████████▚   🌲   ▞█████████████████▚  🌳   ▧▧▧▧▧▧▧▧▧▧▧▧▧▧▧▧▧▧     
███████████████████████████████████████████████████████████████████████████████
