                                                                               
                                                                               
                                                                               
                                                                               
                                                                               
                                                                               
                                                                               
                                                                               
                                                                               
            ▞███████▚                                                          
                d      1   2                                                   
          ▞████████████████████████████████████████████████████████████████████
         ▞█████████████████████████████████████████████████████████████████████
        ▞██████████████████████████████████████████████████████████████████████
       ▞███████████████████████████████████████████████████████████████████████
███████████████████████████████████████████████████████████████████████████████
