                                                                               
                                                                               
                                                                               
                                                                               
                                                                               
                                                                               
                                                                               
                                             ⌸⌸                                
                           ☰▞███████████████████████████████████▚              
                           ☰                                     ☰             
                           ☰7   4                         ⌸⌸                   
                          ▞██████☰████████████████████████████████▚            
                         ▞ █     ☰      █                        ██▚           
                        ▞2 █ 1▒▒ ☰ ▒▒┇  █                        ███▚          
         9          3  ▞   █     ☰  658 █                        ████▚         
⏖⏖⏖⏖⏖⏖⏖0⏔⏔⏔⏔⏔⏔⏔⏔⏔⏔⏔⏔███████████████████████████████████████████████████████████
