                                                                               
                                                                               
                                                                               
                                                                               
                                                                               
                                                                               
                                                                               
                                                                               
                                                                               
                                                                               
                                                                               
                                                                               
                        TtTTt             T              tTt     tT            
        T tt   ▞███████████████▚   t T    ▞▚  tt    ▞████████████████▚  t      
 t tT ▞███████████████████████████████████████████████████████████████████▚Tt  
███████████████████████████████████████████████████████████████████████████████
