                                                                               
                                                                               
                                                                               
                                                                               
                                                                               
                                                                               
                                                                               
                                                                               
                                                                               
                                                                               
                                                                               
                                                                               
                        🌳🌲🌳🌲🌳             🌳              🌳🌲🌲     🌳🌲            
        🌲 🌳🌳   ▞███████████████▚   🌳 🌳    ▞▚  🌳🌳    ▞████████████████▚  🌳      
 🌲 🌲🌳 ▞███████████████████████████████████████████████████████████████████▚🌳🌳  
███████████████████████████████████████████████████████████████████████████████
