                                                                               
                                                                               
                                                                               
                                                                               
                                                                               
                                                                               
                                                                               
                                                                               
                                                                               
                                                                               
                                                                               
                                                                               
                  🌳🌲🌳🌲🌳             🌳             🌳🌲🌲    🌳🌲            
        🌲 🌳🌳 ▞███████████████▚  🌳 🌳  ▞▚  🌳🌳   ▞████████████████▚ 🌳      
 🌲 🌲🌳 ▞███████████████████████████████████████████████████████████████████▚🌳🌳  
███████████████████████████████████████████████████████████████████████████████
