                                                                               
                                                                               
                                     ⛚⛛                                        
                                    ⛚  ⛛                                       
                                   ⛚    ⛛                                      
                                   ███████                                     
                                   █     W                                     
                                   █⌸   ⌸█                                     
                                   ███☰███                                     
                                   ▧▧▧▧▧▧▧⌸                                    
                               ▞█████████████▚                                 
                      ▞█████████████████████████████▚                          
                 ▞██████████████████████████████████████▚   3                  
          ▞██████████████████████████████████████████████████████▚    9        
  1 2 ▞█████████████████████████████████████████████████████████████████▭8     
████████████████████████████████████████████████████████████████████████⏖⏖⏖⏖⏖⏖⏖
