                                            ██████████████████████████         
                                            █                        █         
  8 9                                       █                        █         
███████                                     █                        █         
       ☰                                    █       4 5 6 7          █         
       ☰                                    █    █████████████████   █         
       ☰                                    █                   ☰☰☰  █         
       ☰                                    █                   ☰    █         
       ☰                                    █                   ☰    █         
       ☰                                2   3                   ☰    █         
       ☰                              ████████████████████████████████         
       ☰                             ☰█                              █         
       ☰             ██              ☰█    █     █     █      ██     █         
       ☰             ██               🚪    █     █     █      ██     █         
                 1   🚪      ▞██████████▚   █     █     █      ██     🚪         
███████████████████████████████████████████████████████████████████████████████
