█████████████████████████████████████████████████████████████ ████████         
                         █                              █            █         
                         █                ███████████   █            █         
                         █               ☰           ☰  █            █         
                         🚪    6                         🚪       3 2 1█         
████   ███████████████████████▓███████5██████ ████4███████████████████         
                                                                               
                                                                               
                                                                               
                                     ܺ ܺ ܺ     ܺ ܺ ܺ   ܺ ܺ ܺ                           
                                     ▧▧▧▧▧▧▧▧▧▧▧▧▧▧▧                           
███████████████████████████████████████████████████████████████████████████████
                                                                               
                                                                               
                                                                               
                                                                               
