                                                                               
                                                                               
                                                                               
                                                                               
                                                                               
                                                                               
                                                                               
                                                                               
                                                                               
                                                                     ██████████
                                                                     █         
                                                                   ███         
                                                                   █           
                                                                ████           
       9  ▭▭▭      ▭▭        ▭▭▭▭▭▭                         2   🚪              
⏖⏖⏖⏖⏖8████⏖⏖⏖██████⏖⏖████████⏖⏖⏖⏖⏖⏖████████████████████████████████████████████
