                                                                               
                                                                               
                                                                               
                                                                               
                                                                               
                                                                               
████▚                                                                          
     ▚                                                                         
      ▚                                  🌷 🌷                             1     
       ▚                                 ▭▭▭                        🌲 ██████🌳  
        ███████████████████████████████████████████████████████████████████████
                                                                               
                                                                               
                                                                               
                                                                               
                                                                               
