                                                                               
                                                                               
                                                                               
                                                                               
                                                                               
                                                                               
                                                                               
                                                                               
                                                                               
                             1  🐘🌲🐘   🌳       🐘   9 8🌳                         
                         🌷🌷████████████████████████████                        
                     ██████████████████████████████████████████████████████████
                                                                               
                                                                               
                                                                               
                                                                               
