                                                                               
                                                                               
                                                                               
                                                                               
                                                                               
                                                                               
                                                                               
                                                                               
                                                                               
                                                                               
                                                                               
                                                                               
                                                                               
                                                                               
     🌲                              🌳                             🌳  🌲         
███████████████████████████████████████████████████████████████████████████████
