              /\    /\       ☰                                                 
             /  \  /  \      ☰                                                 
 █    █ █ █ /    \/    \     ☰                                                 
████████████████████████     ☰                                                 
                       █     ☰                                                 
                       W     ☰                                                 
    ⛈  ⛈             █     ☰                                                 
  █████████       1█   🚪                                                       
████████████████2██████████████████████████████████████████████████████████████
                ☰  ██                                                          
                ☰  ██                                                          
                ☰  ██                                                          
█████████████████████                                                          
                                                                               
                                                                               
                                                                               
