              /\    /\       ☰                                                 
             /  \  /  \      ☰                                                 
 █    █ █ █ /    \/    \     ☰                                                 
████████████████████████     ☰                                                 
                       █     ☰                                                 
                       █     ☰                                                 
   ⍾ 🐘 ⍾ 🐘             █     ☰                                                 
🐰 █████████  🐰    1█   🚪                                                       
████████████████2██████████████████████████████████████████████████████████████
                ☰  ██                                                          
                ☰  ██                                                          
                ☰  ██                                                          
█████████████████████                                                          
                                                                               
                                                                               
                                                                               
