                                                                               
                                                                               
                                                                               
                                                                               
                                                                               
                                                                               
                                                                               
                                                                               
                                                                               
                                                                               
                                                                               
                                                                               
                                                                               
                                                                               
             🌳            🌲                               🌳         🌳          
███████████████████████████████████☰███████████████████████████████████████████
