                                                         ☰                     
         /\     /\                                       ☰                     
        /  \   /  \         █ █ █ █                  ████☰                     
        ███████████        █████████                     ☰                     
        █         █        █       █                     ☰                     
        █         █        █       █                     ☰██████               
        █████☰█████        ██☰██████                     ☰                     
   1    ▧▧▧▧▧▧▧▧▧▧▧⛐ 🐘 🐘   ▧▧▧▧▧▧▧▧▧  🐘 ⛐                                      
███████████████████████████████████████████████████████████████████████████████
                                                                               
                                                                               
                                                                               
                                                                               
                                                                               
                                                                               
                                                                               
