                                   ☰                                           
                                   ☰                                           
                                   ☰                                           
                                   ☰                                           
                                   ☰               🌳🌲                          
                                   ☰       🌲       ██  🌳         🌲         🌲   
                                  █████████████████████████████████████████████
                                                                               
                                                                               
                                                                               
                                                                               
                                                                               
                                                                               
                                                                               
                                                                               
                                                                               
