             /\                                                                
  /\        /  \  🌷 ████████                                       ██████      
 /  \      /    \ █ █      █                                       █    █      
/    \     █    █ █ █      █                        🌷              █    █      
██████     █    █ █ █  8 7 █                        /\             ███☰██      
█    █     ██☰███ █ ██☰█████                       /  \            ▧▧▧▧▧▧      
█ 3  🚪     ▧▧▧▧▧▧ 🚪 ▧▧▧▧▧▧▧▧                      /    \        ███████████████
████████████████████████████████☰     /\         /      \                      
                                 ▭▭▭ /  \/\              \     /\              
 /\\\\\\      /\            /\      ████████▭▭▭▭████████☰█    /  \             
 ████████████████          /  \     █      █    █       ☰█   /    \            
 █              █         /    \    █           █       ☰█   ██████            
 █    2         █         █    █    █☷9 ☷ ☷█    █5    6  █   █    █            
 █████████████☰██         █☰████    █████☰██    ████☰█████   ██☰███            
 ▧▧▧▧▧▧▧▧▧▧▧▧▧▧▧▧         ▧▧▧▧▧▧    ▧▧▧▧▧▧▧▧    ▧▧▧▧▧▧▧▧▧▧ 1 ▧▧▧▧▧▧  4         
████████████████████☰██████████████████████████████████████████████████████████
