☰                                                                              
☰                                                                              
☰                                                                              
▭▭▭▭▭▭▭▭▭▭▭▭▭▭▭▭▭▭▭▭▭▭▭▭▭▭▭▭▭▭▭▭▭▭▭▭▭▭▭▭▭▭▭▭▭▭▭▭▭▭▭▭▭▭▭▭▭▭▭▭▭▭▭☰▭▭             
                                                               ☰               
                                                               ☰               
                                                               ☰               
                           🌲  🌳      🌳                         ☰               
        🌷  🌷   🌲        ███████████████     ⚖ 🌷  ⚖  🌳  🌲     🌲 ☰ 🌷 🌲🌲          
      ███████████████                    ☰███████████████▭▭▭██████████         
                                         ☰                                     
             ████████████████████      ███████████████████☰███████████████     
                                                          ☰                    
     ███████████████   ████████████████████         ███████████████☰           
                                                                   ☰           
███████████████████████████████████████████████████████████████████████████████
