                                                                               
                                                                               
                                                                               
                                                                               
       ████████████████████████████████████████████████████████████████        
       █                                        █                     █        
       █ █████████████████████████████████████  █                     █        
       █      34                                █                     █        
       █     ▞██▚                               █                     █        
       █    ▞    ▚                              🚪                     █        
       █   ▞      ▚                            ▞██▚           1      2█        
       ████████████████████████████████████████████████████████████████        
                                                                               
                                                                               
                                                                               
███████████████████████████████████████████████████████████████████████████████
